Archive member included to satisfy reference by file (symbol)

c:/program files (x86)/atmel/studio/7.0/toolchain/avr8/avr8-gnu-toolchain/bin/../lib/gcc/avr/5.4.0/../../../../avr/lib/avr5\libm.a(addsf3.o)
                              src/CurrentDriver/LedDriver.o (__subsf3)
c:/program files (x86)/atmel/studio/7.0/toolchain/avr8/avr8-gnu-toolchain/bin/../lib/gcc/avr/5.4.0/../../../../avr/lib/avr5\libm.a(addsf3x.o)
                              c:/program files (x86)/atmel/studio/7.0/toolchain/avr8/avr8-gnu-toolchain/bin/../lib/gcc/avr/5.4.0/../../../../avr/lib/avr5\libm.a(addsf3.o) (__addsf3x)
c:/program files (x86)/atmel/studio/7.0/toolchain/avr8/avr8-gnu-toolchain/bin/../lib/gcc/avr/5.4.0/../../../../avr/lib/avr5\libm.a(cmpsf2.o)
                              src/Program/LedController.o (__eqsf2)
c:/program files (x86)/atmel/studio/7.0/toolchain/avr8/avr8-gnu-toolchain/bin/../lib/gcc/avr/5.4.0/../../../../avr/lib/avr5\libm.a(divsf3.o)
                              src/CurrentDriver/LedDriver.o (__divsf3)
c:/program files (x86)/atmel/studio/7.0/toolchain/avr8/avr8-gnu-toolchain/bin/../lib/gcc/avr/5.4.0/../../../../avr/lib/avr5\libm.a(divsf3x.o)
                              c:/program files (x86)/atmel/studio/7.0/toolchain/avr8/avr8-gnu-toolchain/bin/../lib/gcc/avr/5.4.0/../../../../avr/lib/avr5\libm.a(divsf3.o) (__divsf3x)
c:/program files (x86)/atmel/studio/7.0/toolchain/avr8/avr8-gnu-toolchain/bin/../lib/gcc/avr/5.4.0/../../../../avr/lib/avr5\libm.a(fixsfsi.o)
                              src/CurrentDriver/LedDriver.o (__fixsfsi)
c:/program files (x86)/atmel/studio/7.0/toolchain/avr8/avr8-gnu-toolchain/bin/../lib/gcc/avr/5.4.0/../../../../avr/lib/avr5\libm.a(fixunssfsi.o)
                              c:/program files (x86)/atmel/studio/7.0/toolchain/avr8/avr8-gnu-toolchain/bin/../lib/gcc/avr/5.4.0/../../../../avr/lib/avr5\libm.a(fixsfsi.o) (__fixunssfsi)
c:/program files (x86)/atmel/studio/7.0/toolchain/avr8/avr8-gnu-toolchain/bin/../lib/gcc/avr/5.4.0/../../../../avr/lib/avr5\libm.a(floatsisf.o)
                              src/Program/LedController.o (__floatsisf)
c:/program files (x86)/atmel/studio/7.0/toolchain/avr8/avr8-gnu-toolchain/bin/../lib/gcc/avr/5.4.0/../../../../avr/lib/avr5\libm.a(fp_cmp.o)
                              c:/program files (x86)/atmel/studio/7.0/toolchain/avr8/avr8-gnu-toolchain/bin/../lib/gcc/avr/5.4.0/../../../../avr/lib/avr5\libm.a(cmpsf2.o) (__fp_cmp)
c:/program files (x86)/atmel/studio/7.0/toolchain/avr8/avr8-gnu-toolchain/bin/../lib/gcc/avr/5.4.0/../../../../avr/lib/avr5\libm.a(fp_inf.o)
                              c:/program files (x86)/atmel/studio/7.0/toolchain/avr8/avr8-gnu-toolchain/bin/../lib/gcc/avr/5.4.0/../../../../avr/lib/avr5\libm.a(addsf3x.o) (__fp_inf)
c:/program files (x86)/atmel/studio/7.0/toolchain/avr8/avr8-gnu-toolchain/bin/../lib/gcc/avr/5.4.0/../../../../avr/lib/avr5\libm.a(fp_nan.o)
                              c:/program files (x86)/atmel/studio/7.0/toolchain/avr8/avr8-gnu-toolchain/bin/../lib/gcc/avr/5.4.0/../../../../avr/lib/avr5\libm.a(addsf3x.o) (__fp_nan)
c:/program files (x86)/atmel/studio/7.0/toolchain/avr8/avr8-gnu-toolchain/bin/../lib/gcc/avr/5.4.0/../../../../avr/lib/avr5\libm.a(fp_pscA.o)
                              c:/program files (x86)/atmel/studio/7.0/toolchain/avr8/avr8-gnu-toolchain/bin/../lib/gcc/avr/5.4.0/../../../../avr/lib/avr5\libm.a(addsf3x.o) (__fp_pscA)
c:/program files (x86)/atmel/studio/7.0/toolchain/avr8/avr8-gnu-toolchain/bin/../lib/gcc/avr/5.4.0/../../../../avr/lib/avr5\libm.a(fp_pscB.o)
                              c:/program files (x86)/atmel/studio/7.0/toolchain/avr8/avr8-gnu-toolchain/bin/../lib/gcc/avr/5.4.0/../../../../avr/lib/avr5\libm.a(addsf3x.o) (__fp_pscB)
c:/program files (x86)/atmel/studio/7.0/toolchain/avr8/avr8-gnu-toolchain/bin/../lib/gcc/avr/5.4.0/../../../../avr/lib/avr5\libm.a(fp_round.o)
                              c:/program files (x86)/atmel/studio/7.0/toolchain/avr8/avr8-gnu-toolchain/bin/../lib/gcc/avr/5.4.0/../../../../avr/lib/avr5\libm.a(addsf3.o) (__fp_round)
c:/program files (x86)/atmel/studio/7.0/toolchain/avr8/avr8-gnu-toolchain/bin/../lib/gcc/avr/5.4.0/../../../../avr/lib/avr5\libm.a(fp_split3.o)
                              c:/program files (x86)/atmel/studio/7.0/toolchain/avr8/avr8-gnu-toolchain/bin/../lib/gcc/avr/5.4.0/../../../../avr/lib/avr5\libm.a(addsf3x.o) (__fp_split3)
c:/program files (x86)/atmel/studio/7.0/toolchain/avr8/avr8-gnu-toolchain/bin/../lib/gcc/avr/5.4.0/../../../../avr/lib/avr5\libm.a(fp_zero.o)
                              c:/program files (x86)/atmel/studio/7.0/toolchain/avr8/avr8-gnu-toolchain/bin/../lib/gcc/avr/5.4.0/../../../../avr/lib/avr5\libm.a(addsf3x.o) (__fp_zero)
c:/program files (x86)/atmel/studio/7.0/toolchain/avr8/avr8-gnu-toolchain/bin/../lib/gcc/avr/5.4.0/../../../../avr/lib/avr5\libm.a(mulsf3.o)
                              src/CurrentDriver/LedDriver.o (__mulsf3)
[...]
Memory Configuration

Name             Origin             Length             Attributes
text             0x00000000         0x00008000         xr
data             0x00800100         0x00000a00         rw !x
eeprom           0x00810000         0x00000400         rw !x
fuse             0x00820000         0x00000003         rw !x
lock             0x00830000         0x00000400         rw !x
signature        0x00840000         0x00000400         rw !x
user_signatures  0x00850000         0x00000400         rw !x
*default*        0x00000000         0xffffffff

Linker script and memory map

Address of section .data set to 0x800100
LOAD C:/Program Files (x86)/Atmel/Studio/7.0/Packs/Atmel/ATmega_DFP/1.6.364/gcc/dev/atmega32u4/avr5/crtatmega32u4.o
LOAD src/CurrentDriver/LedDriver.o
LOAD src/EEPROM/RecipeAccess.o
LOAD src/EEPROM/RunLogger.o
LOAD src/General/DateTime.o
LOAD src/main.o
LOAD src/Program/Controller.o
LOAD src/Program/LedController.o
LOAD src/Switch/Switch.o
LOAD src/Tasks/Task.o
LOAD src/Timers/millis.o
LOAD src/Timers/Timer.o
LOAD src/UsbDriver/m_usb.o
START GROUP
LOAD c:/program files (x86)/atmel/studio/7.0/toolchain/avr8/avr8-gnu-toolchain/bin/../lib/gcc/avr/5.4.0/../../../../avr/lib/avr5\libm.a
END GROUP
LOAD c:/program files (x86)/atmel/studio/7.0/toolchain/avr8/avr8-gnu-toolchain/bin/../lib/gcc/avr/5.4.0/avr5\libgcc.a
LOAD c:/program files (x86)/atmel/studio/7.0/toolchain/avr8/avr8-gnu-toolchain/bin/../lib/gcc/avr/5.4.0/../../../../avr/lib/avr5\libm.a
START GROUP
LOAD c:/program files (x86)/atmel/studio/7.0/toolchain/avr8/avr8-gnu-toolchain/bin/../lib/gcc/avr/5.4.0/avr5\libgcc.a
LOAD c:/program files (x86)/atmel/studio/7.0/toolchain/avr8/avr8-gnu-toolchain/bin/../lib/gcc/avr/5.4.0/../../../../avr/lib/avr5\libm.a
LOAD c:/program files (x86)/atmel/studio/7.0/toolchain/avr8/avr8-gnu-toolchain/bin/../lib/gcc/avr/5.4.0/../../../../avr/lib/avr5\libc.a
LOAD C:/Program Files (x86)/Atmel/Studio/7.0/Packs/Atmel/ATmega_DFP/1.6.364/gcc/dev/atmega32u4/avr5\libatmega32u4.a
END GROUP
                0x00000000                __TEXT_REGION_ORIGIN__ = DEFINED (__TEXT_REGION_ORIGIN__)?__TEXT_REGION_ORIGIN__:0x0
                [0x00800100]                __DATA_REGION_ORIGIN__ = DEFINED (__DATA_REGION_ORIGIN__)?__DATA_REGION_ORIGIN__:0x800060
                [0x00008000]                __TEXT_REGION_LENGTH__ = DEFINED (__TEXT_REGION_LENGTH__)?__TEXT_REGION_LENGTH__:0x20000
                [0x00000a00]                __DATA_REGION_LENGTH__ = DEFINED (__DATA_REGION_LENGTH__)?__DATA_REGION_LENGTH__:0xffa0
                [0x00000400]                __EEPROM_REGION_LENGTH__ = DEFINED (__EEPROM_REGION_LENGTH__)?__EEPROM_REGION_LENGTH__:0x10000
                [0x00000003]                __FUSE_REGION_LENGTH__ = DEFINED (__FUSE_REGION_LENGTH__)?__FUSE_REGION_LENGTH__:0x400
                0x00000400                __LOCK_REGION_LENGTH__ = DEFINED (__LOCK_REGION_LENGTH__)?__LOCK_REGION_LENGTH__:0x400
                0x00000400                __SIGNATURE_REGION_LENGTH__ = DEFINED (__SIGNATURE_REGION_LENGTH__)?__SIGNATURE_REGION_LENGTH__:0x400
                0x00000400                __USER_SIGNATURE_REGION_LENGTH__ = DEFINED (__USER_SIGNATURE_REGION_LENGTH__)?__USER_SIGNATURE_REGION_LENGTH__:0x400

.hash
 *(.hash)

.dynsym
 *(.dynsym)

.dynstr
 *(.dynstr)

.gnu.version
 *(.gnu.version)

.gnu.version_d
 *(.gnu.version_d)

.gnu.version_r
 *(.gnu.version_r)

.rel.init
 *(.rel.init)

.rela.init
 *(.rela.init)

.rel.text
 *(.rel.text)
 *(.rel.text.*)
 *(.rel.gnu.linkonce.t*)

.rela.text
 *(.rela.text)
 *(.rela.text.*)
 *(.rela.gnu.linkonce.t*)

.rel.fini
 *(.rel.fini)

.rela.fini
 *(.rela.fini)

.rel.rodata
 *(.rel.rodata)
 *(.rel.rodata.*)
 *(.rel.gnu.linkonce.r*)

.rela.rodata
 *(.rela.rodata)
 *(.rela.rodata.*)
 *(.rela.gnu.linkonce.r*)

.rel.data
 *(.rel.data)
 *(.rel.data.*)
 *(.rel.gnu.linkonce.d*)

.rela.data
 *(.rela.data)
 *(.rela.data.*)
 *(.rela.gnu.linkonce.d*)

.rel.ctors
 *(.rel.ctors)

.rela.ctors
 *(.rela.ctors)

.rel.dtors
 *(.rel.dtors)

.rela.dtors
 *(.rela.dtors)

.rel.got
 *(.rel.got)

.rela.got
 *(.rela.got)

.rel.bss
 *(.rel.bss)

.rela.bss
 *(.rela.bss)

.rel.plt
 *(.rel.plt)

.rela.plt
 *(.rela.plt)

.text           0x00000000     0x3bf6
 *(.vectors)
 .vectors       0x00000000       0xac C:/Program Files (x86)/Atmel/Studio/7.0/Packs/Atmel/ATmega_DFP/1.6.364/gcc/dev/atmega32u4/avr5/crtatmega32u4.o
                0x00000000                __vector_default
                0x00000000                __vectors
 *(.vectors)
 *(.progmem.gcc*)
                0x000000ac                . = ALIGN (0x2)
                0x000000ac                __trampolines_start = .
 *(.trampolines)
 .trampolines   0x000000ac        0x0 linker stubs
 *(.trampolines*)
                0x000000ac                __trampolines_end = .
 *libprintf_flt.a:*(.progmem.data)
 *libc.a:*(.progmem.data)
 .progmem.data  0x000000ac        0xc c:/program files (x86)/atmel/studio/7.0/toolchain/avr8/avr8-gnu-toolchain/bin/../lib/gcc/avr/5.4.0/../../../../avr/lib/avr5\libc.a(vfscanf_std.o)
 *(.progmem*)
 .progmem.data.descriptor_list
                0x000000b8       0x2a src/UsbDriver/m_usb.o
 .progmem.data.string3
                0x000000e2        0xa src/UsbDriver/m_usb.o
 .progmem.data.string2
                0x000000ec        0xc src/UsbDriver/m_usb.o
 .progmem.data.string1
                0x000000f8       0x24 src/UsbDriver/m_usb.o
 .progmem.data.string0
                0x0000011c        0x4 src/UsbDriver/m_usb.o
 .progmem.data.config1_descriptor
                0x00000120       0x43 src/UsbDriver/m_usb.o
 .progmem.data.device_descriptor
                0x00000163       0x12 src/UsbDriver/m_usb.o
 .progmem.data.endpoint_config_table
                0x00000175        0xa src/UsbDriver/m_usb.o
                0x00000180                . = ALIGN (0x2)
 *fill*         0x0000017f        0x1 
 *(.jumptables)
 *(.jumptables*)
 *(.lowtext)
 *(.lowtext*)
                0x00000180                __ctors_start = .
 *(.ctors)
 .ctors         0x00000180        0x2 src/EEPROM/RunLogger.o
 .ctors         0x00000182        0x2 src/main.o
                0x00000184                __ctors_end = .
                0x00000184                __dtors_start = .
 *(.dtors)
 .dtors         0x00000184        0x2 src/main.o
                0x00000186                __dtors_end = .
 SORT(*)(.ctors)
 SORT(*)(.dtors)
 *(.init0)
 .init0         0x00000186        0x0 C:/Program Files (x86)/Atmel/Studio/7.0/Packs/Atmel/ATmega_DFP/1.6.364/gcc/dev/atmega32u4/avr5/crtatmega32u4.o
                0x00000186                __init
 *(.init0)
 *(.init1)
 *(.init1)
 *(.init2)
 .init2         0x00000186        0xc C:/Program Files (x86)/Atmel/Studio/7.0/Packs/Atmel/ATmega_DFP/1.6.364/gcc/dev/atmega32u4/avr5/crtatmega32u4.o
 *(.init2)
 *(.init3)
 *(.init3)
 *(.init4)
 .init4         0x00000192       0x16 c:/program files (x86)/atmel/studio/7.0/toolchain/avr8/avr8-gnu-toolchain/bin/../lib/gcc/avr/5.4.0/avr5\libgcc.a(_copy_data.o)
                0x00000192                __do_copy_data
 .init4         0x000001a8       0x10 c:/program files (x86)/atmel/studio/7.0/toolchain/avr8/avr8-gnu-toolchain/bin/../lib/gcc/avr/5.4.0/avr5\libgcc.a(_clear_bss.o)
                0x000001a8                __do_clear_bss
 *(.init4)
 *(.init5)
 *(.init5)
 *(.init6)
 .init6         0x000001b8       0x16 c:/program files (x86)/atmel/studio/7.0/toolchain/avr8/avr8-gnu-toolchain/bin/../lib/gcc/avr/5.4.0/avr5\libgcc.a(_ctors.o)
                0x000001b8                __do_global_ctors
 *(.init6)
 *(.init7)
 *(.init7)
 *(.init8)
 *(.init8)
 *(.init9)
 .init9         0x000001ce        0x8 C:/Program Files (x86)/Atmel/Studio/7.0/Packs/Atmel/ATmega_DFP/1.6.364/gcc/dev/atmega32u4/avr5/crtatmega32u4.o
 *(.init9)
 *(.text)
 .text          0x000001d6        0x4 C:/Program Files (x86)/Atmel/Studio/7.0/Packs/Atmel/ATmega_DFP/1.6.364/gcc/dev/atmega32u4/avr5/crtatmega32u4.o
                0x000001d6                __vector_38
                0x000001d6                __vector_22
                0x000001d6                __vector_28
                0x000001d6                __vector_1
                0x000001d6                __vector_32
                0x000001d6                __vector_34
                0x000001d6                __vector_24
                0x000001d6                __vector_12
                0x000001d6                __bad_interrupt
                0x000001d6                __vector_6
                0x000001d6                __vector_31
                0x000001d6                __vector_35
                0x000001d6                __vector_39
                0x000001d6                __vector_3
                0x000001d6                __vector_23
                0x000001d6                __vector_30
                0x000001d6                __vector_25
                0x000001d6                __vector_13
                0x000001d6                __vector_19
                0x000001d6                __vector_7
                0x000001d6                __vector_41
                0x000001d6                __vector_27
                0x000001d6                __vector_5
                0x000001d6                __vector_33
                0x000001d6                __vector_37
                0x000001d6                __vector_4
                0x000001d6                __vector_9
                0x000001d6                __vector_2
                0x000001d6                __vector_21
                0x000001d6                __vector_15
                0x000001d6                __vector_36
                0x000001d6                __vector_29
                0x000001d6                __vector_40
                0x000001d6                __vector_8
                0x000001d6                __vector_26
                0x000001d6                __vector_14
                0x000001d6                __vector_16
                0x000001d6                __vector_18
                0x000001d6                __vector_20
                0x000001d6                __vector_42
                0x000001da                . = ALIGN (0x2)
 *(.text.*)
 .text._ZN9LedDriverC2Ev
                0x000001da        0x2 src/CurrentDriver/LedDriver.o
                0x000001da                _ZN9LedDriverC1Ev
                0x000001da                _ZN9LedDriverC2Ev
 .text._ZN9LedDriverC2EPVhRKhf
                0x000001dc       0x1e src/CurrentDriver/LedDriver.o
                0x000001dc                _ZN9LedDriverC1EPVhRKhf
                0x000001dc                _ZN9LedDriverC2EPVhRKhf
 .text._ZN9LedDriver6TurnOnEb
                0x000001fa      0x12e src/CurrentDriver/LedDriver.o
                0x000001fa                _ZN9LedDriver6TurnOnEb
 .text._ZN9LedDriver6TurnOnERKfb
                0x00000328      0x130 src/CurrentDriver/LedDriver.o
                0x00000328                _ZN9LedDriver6TurnOnERKfb
 .text._ZN9LedDriver7TurnOffEv
                0x00000458       0x28 src/CurrentDriver/LedDriver.o
                0x00000458                _ZN9LedDriver7TurnOffEv
 .text._ZN9LedDriverD2Ev
                0x00000480        0x2 src/CurrentDriver/LedDriver.o
                0x00000480                _ZN9LedDriverD1Ev
                0x00000480                _ZN9LedDriverD2Ev
 .text._ZN12RecipeAccessC2Ev
                0x00000482        0x2 src/EEPROM/RecipeAccess.o
                0x00000482                _ZN12RecipeAccessC2Ev
                0x00000482                _ZN12RecipeAccessC1Ev
 .text._ZN12RecipeAccessD2Ev
                0x00000484        0x2 src/EEPROM/RecipeAccess.o
                0x00000484                _ZN12RecipeAccessD2Ev
                0x00000484                _ZN12RecipeAccessD1Ev
 .text._ZN12RecipeAccess10InitializeEv
                0x00000486        0xc src/EEPROM/RecipeAccess.o
                0x00000486                _ZN12RecipeAccess10InitializeEv
 .text._ZN12RecipeAccess10SaveRecipeEv
                0x00000492        0xc src/EEPROM/RecipeAccess.o
                0x00000492                _ZN12RecipeAccess10SaveRecipeEv
 .text._ZN12RecipeAccess25UpdateInMemoryBoardRecipeERK11BoardRecipe
                0x0000049e       0xb4 src/EEPROM/RecipeAccess.o
                0x0000049e                _ZN12RecipeAccess25UpdateInMemoryBoardRecipeERK11BoardRecipe
 .text._ZN12RecipeAccess22GetInMemoryBoardRecipeEv
                0x00000552       0xb6 src/EEPROM/RecipeAccess.o
                0x00000552                _ZN12RecipeAccess22GetInMemoryBoardRecipeEv
 .text._ZN9RunLoggerC2Ev
                0x00000608        0xc src/EEPROM/RunLogger.o
                0x00000608                _ZN9RunLoggerC1Ev
                0x00000608                _ZN9RunLoggerC2Ev
 .text._ZN9RunLogger10InitializeEv
                0x00000614        0xc src/EEPROM/RunLogger.o
                0x00000614                _ZN9RunLogger10InitializeEv
 .text._ZN9RunLogger8ResetLogEv
                0x00000620       0x16 src/EEPROM/RunLogger.o
                0x00000620                _ZN9RunLogger8ResetLogEv
 .text._ZN9RunLogger12GetStoredLogEv
                0x00000636       0x38 src/EEPROM/RunLogger.o
                0x00000636                _ZN9RunLogger12GetStoredLogEv
 .text._ZN9RunLogger19IncrementBoardCycleEv
                0x0000066e       0x14 src/EEPROM/RunLogger.o
                0x0000066e                _ZN9RunLogger19IncrementBoardCycleEv
 .text._ZN9RunLogger18IncrementLedXCycleEi
                0x00000682       0x52 src/EEPROM/RunLogger.o
                0x00000682                _ZN9RunLogger18IncrementLedXCycleEi
 .text._ZN9RunLoggerD2Ev
                0x000006d4        0x2 src/EEPROM/RunLogger.o
                0x000006d4                _ZN9RunLoggerD2Ev
                0x000006d4                _ZN9RunLoggerD1Ev
 .text.startup._GLOBAL__sub_I_eeprom_log
                0x000006d6        0xe src/EEPROM/RunLogger.o
 .text._ZN11BoardRecipe12SetLedRecipeERK9LedRecipe
                0x000006e4       0xb6 src/main.o
                0x000006e4                _ZN11BoardRecipe12SetLedRecipeERK9LedRecipe
 .text.startup.main
                0x0000079a       0x1e src/main.o
                0x0000079a                main
 .text.startup._GLOBAL__sub_I_controller
                0x000007b8       0x26 src/main.o
 .text.exit._GLOBAL__sub_D_controller
                0x000007de       0x24 src/main.o
 .text._ZN10Controller13DisplayLED1OnEv
                0x00000802        0xa src/Program/Controller.o
                0x00000802                _ZN10Controller13DisplayLED1OnEv
 .text._ZN10Controller13DisplayLED2OnEv
                0x0000080c        0xa src/Program/Controller.o
                0x0000080c                _ZN10Controller13DisplayLED2OnEv
 .text._ZN10Controller13DisplayLED3OnEv
                0x00000816        0xa src/Program/Controller.o
                0x00000816                _ZN10Controller13DisplayLED3OnEv
 .text._ZN10Controller13RunManualLed1Ev
                0x00000820        0x4 src/Program/Controller.o
                0x00000820                _ZN10Controller13RunManualLed1Ev
 .text._ZN10Controller13RunManualLed2Ev
                0x00000824        0x6 src/Program/Controller.o
                0x00000824                _ZN10Controller13RunManualLed2Ev
 .text._ZN10Controller13RunManualLed3Ev
                0x0000082a        0x8 src/Program/Controller.o
                0x0000082a                _ZN10Controller13RunManualLed3Ev
 .text._ZN11BoardRecipe12GetLedRecipeE3LED
                0x00000832       0xbe src/Program/Controller.o
                0x00000832                _ZN11BoardRecipe12GetLedRecipeE3LED
 .text._ZN10ControllerC2Ev
                0x000008f0       0x7c src/Program/Controller.o
                0x000008f0                _ZN10ControllerC2Ev
                0x000008f0                _ZN10ControllerC1Ev
 .text._ZN10ControllerD2Ev
                0x0000096c       0x82 src/Program/Controller.o
                0x0000096c                _ZN10ControllerD1Ev
                0x0000096c                _ZN10ControllerD2Ev
 .text._ZN13LedControlleraSERKS_
                0x000009ee       0xa0 src/Program/Controller.o
                0x000009ee                _ZN13LedControlleraSERKS_
 .text._ZN10Controller10InitializeEv
                0x00000a8e      0x594 src/Program/Controller.o
                0x00000a8e                _ZN10Controller10InitializeEv
 .text._ZN10Controller17CheckMainSwitchesEv
                0x00001022       0x52 src/Program/Controller.o
                0x00001022                _ZN10Controller17CheckMainSwitchesEv
 .text._ZN10Controller22CheckSecondarySwitchesEv
                0x00001074       0x52 src/Program/Controller.o
                0x00001074                _ZN10Controller22CheckSecondarySwitchesEv
 .text._ZN10Controller22ProcessSecondarySwitchEi
                0x000010c6       0x3e src/Program/Controller.o
                0x000010c6                _ZN10Controller22ProcessSecondarySwitchEi
 .text._ZN10Controller13ProcessSwitchEi
                0x00001104       0x4e src/Program/Controller.o
                0x00001104                _ZN10Controller13ProcessSwitchEi
 .text._ZN10Controller5StartEv
                0x00001152       0x2e src/Program/Controller.o
                0x00001152                _ZN10Controller5StartEv
 .text._ZN10Controller3RunEv
                0x00001180       0xca src/Program/Controller.o
                0x00001180                _ZN10Controller3RunEv
 .text._ZN10Controller11DisplayUVOnEv
                0x0000124a        0xc src/Program/Controller.o
                0x0000124a                _ZN10Controller11DisplayUVOnEv
 .text._ZN10Controller12DisplayUVOffEv
                0x00001256        0xc src/Program/Controller.o
                0x00001256                _ZN10Controller12DisplayUVOffEv
 .text._ZN10Controller15Transition_AutoE9Direction
                0x00001262      0x13c src/Program/Controller.o
                0x00001262                _ZN10Controller15Transition_AutoE9Direction
 .text._ZN10Controller12DisplayErrorEv
                0x0000139e        0xc src/Program/Controller.o
                0x0000139e                _ZN10Controller12DisplayErrorEv
 .text._ZN10Controller13TurnAllLedOffEv
                0x000013aa       0x10 src/Program/Controller.o
                0x000013aa                _ZN10Controller13TurnAllLedOffEv
 .text._ZN10Controller17TurnLEDDisplayOffEv
                0x000013ba        0x8 src/Program/Controller.o
                0x000013ba                _ZN10Controller17TurnLEDDisplayOffEv
 .text._ZN10Controller7RunAutoEv
                0x000013c2      0x212 src/Program/Controller.o
                0x000013c2                _ZN10Controller7RunAutoEv
 .text._ZN10Controller14Transition_USBE9Direction
                0x000015d4       0xfe src/Program/Controller.o
                0x000015d4                _ZN10Controller14Transition_USBE9Direction
 .text._ZN10Controller21TransitionManual_LED1E9Direction
                0x000016d2      0x10c src/Program/Controller.o
                0x000016d2                _ZN10Controller21TransitionManual_LED1E9Direction
 .text._ZN10Controller21TransitionManual_LED2E9Direction
                0x000017de      0x110 src/Program/Controller.o
                0x000017de                _ZN10Controller21TransitionManual_LED2E9Direction
 .text._ZN10Controller21TransitionManual_LED3E9Direction
                0x000018ee      0x114 src/Program/Controller.o
                0x000018ee                _ZN10Controller21TransitionManual_LED3E9Direction
 .text._ZN10Controller6uprintEPKc
                0x00001a02       0x46 src/Program/Controller.o
                0x00001a02                _ZN10Controller6uprintEPKc
 .text._ZN10Controller6RunUSBEv
                0x00001a48      0x5fc src/Program/Controller.o
                0x00001a48                _ZN10Controller6RunUSBEv
 .text._ZN13LedControllerC2Ev
                0x00002044       0x64 src/Program/LedController.o
                0x00002044                _ZN13LedControllerC2Ev
                0x00002044                _ZN13LedControllerC1Ev
 .text._ZN13LedControllerC2ERK9LedRecipePVhRKh
                0x000020a8      0x1c8 src/Program/LedController.o
                0x000020a8                _ZN13LedControllerC2ERK9LedRecipePVhRKh
                0x000020a8                _ZN13LedControllerC1ERK9LedRecipePVhRKh
 .text._ZN13LedController5StartEv
                0x00002270       0x16 src/Program/LedController.o
                0x00002270                _ZN13LedController5StartEv
 .text._ZN13LedController5CheckEv
                0x00002286      0x118 src/Program/LedController.o
                0x00002286                _ZN13LedController5CheckEv
 .text._ZN13LedController11StartManualEv
                0x0000239e       0x36 src/Program/LedController.o
                0x0000239e                _ZN13LedController11StartManualEv
 .text._ZN13LedController4StopEv
                0x000023d4       0x18 src/Program/LedController.o
                0x000023d4                _ZN13LedController4StopEv
 .text._ZN13LedController6IsDoneEv
                0x000023ec        0x6 src/Program/LedController.o
                0x000023ec                _ZN13LedController6IsDoneEv
 .text._ZN13LedController5LedOnEv
                0x000023f2       0x10 src/Program/LedController.o
                0x000023f2                _ZN13LedController5LedOnEv
 .text._ZN13LedController10SetLatchedEv
                0x00002402        0x8 src/Program/LedController.o
                0x00002402                _ZN13LedController10SetLatchedEv
 .text._ZN13LedController12CheckLatchedEv
                0x0000240a        0x6 src/Program/LedController.o
                0x0000240a                _ZN13LedController12CheckLatchedEv
 .text._ZN13LedController5PauseEv
                0x00002410        0x6 src/Program/LedController.o
                0x00002410                _ZN13LedController5PauseEv
 .text._ZN13LedController7UnPauseEv
                0x00002416        0x8 src/Program/LedController.o
                0x00002416                _ZN13LedController7UnPauseEv
 .text._ZN13LedControllerD2Ev
                0x0000241e       0x26 src/Program/LedController.o
                0x0000241e                _ZN13LedControllerD2Ev
                0x0000241e                _ZN13LedControllerD1Ev
 .text._ZN6SwitchC2Ev
                0x00002444        0x2 src/Switch/Switch.o
                0x00002444                _ZN6SwitchC2Ev
                0x00002444                _ZN6SwitchC1Ev
 .text._ZN6SwitchC2EPVhRKhh
                0x00002446       0x1a src/Switch/Switch.o
                0x00002446                _ZN6SwitchC1EPVhRKhh
                0x00002446                _ZN6SwitchC2EPVhRKhh
 .text._ZN6Switch8debounceEv
                0x00002460       0x44 src/Switch/Switch.o
                0x00002460                _ZN6Switch8debounceEv
 .text._ZN6Switch11clear_stateEv
                0x000024a4        0x6 src/Switch/Switch.o
                0x000024a4                _ZN6Switch11clear_stateEv
 .text._ZN6Switch8switchedEv
                0x000024aa        0x6 src/Switch/Switch.o
                0x000024aa                _ZN6Switch8switchedEv
 .text._ZN6SwitchD2Ev
                0x000024b0        0x2 src/Switch/Switch.o
                0x000024b0                _ZN6SwitchD1Ev
                0x000024b0                _ZN6SwitchD2Ev
 .text._ZN4TaskC2Ev
                0x000024b2        0xc src/Tasks/Task.o
                0x000024b2                _ZN4TaskC2Ev
                0x000024b2                _ZN4TaskC1Ev
 .text._ZN4TaskaSERKS_
                0x000024be       0x18 src/Tasks/Task.o
                0x000024be                _ZN4TaskaSERKS_
 .text._ZNK4TaskneERKS_
                0x000024d6       0x14 src/Tasks/Task.o
                0x000024d6                _ZNK4TaskneERKS_
 .text._ZN4TaskD2Ev
                0x000024ea        0x2 src/Tasks/Task.o
                0x000024ea                _ZN4TaskD2Ev
                0x000024ea                _ZN4TaskD1Ev
 .text.millis_init
                0x000024ec       0x1e src/Timers/millis.o
                0x000024ec                millis_init
 .text.millis_get
                0x0000250a       0x18 src/Timers/millis.o
                0x0000250a                millis_get
 .text.__vector_17
                0x00002522       0x4a src/Timers/millis.o
                0x00002522                __vector_17
 .text._ZN5TimerC2Ev
                0x0000256c        0xc src/Timers/Timer.o
                0x0000256c                _ZN5TimerC2Ev
                0x0000256c                _ZN5TimerC1Ev
 .text._ZN5TimerC2ERKm
                0x00002578       0x16 src/Timers/Timer.o
                0x00002578                _ZN5TimerC1ERKm
                0x00002578                _ZN5TimerC2ERKm
 .text._ZN5Timer5ResetEv
                0x0000258e       0x20 src/Timers/Timer.o
                0x0000258e                _ZN5Timer5ResetEv
 .text._ZN5Timer4DoneEv
                0x000025ae       0x54 src/Timers/Timer.o
                0x000025ae                _ZN5Timer4DoneEv
 .text._ZN5TimerD2Ev
                0x00002602        0x2 src/Timers/Timer.o
                0x00002602                _ZN5TimerD2Ev
                0x00002602                _ZN5TimerD1Ev
 .text.usb_wait_in_ready
                0x00002604        0xa src/UsbDriver/m_usb.o
 .text.m_usb_init
                0x0000260e       0x32 src/UsbDriver/m_usb.o
                0x0000260e                m_usb_init
 .text.m_usb_isconnected
                0x00002640        0x6 src/UsbDriver/m_usb.o
                0x00002640                m_usb_isconnected
 .text.m_usb_rx_char
                0x00002646       0x36 src/UsbDriver/m_usb.o
                0x00002646                m_usb_rx_char
 .text.m_usb_rx_available
                0x0000267c       0x1e src/UsbDriver/m_usb.o
                0x0000267c                m_usb_rx_available
 .text.m_usb_tx_char
                0x0000269a       0x7e src/UsbDriver/m_usb.o
                0x0000269a                m_usb_tx_char
 .text.__vector_10
                0x00002718       0x74 src/UsbDriver/m_usb.o
                0x00002718                __vector_10
 .text.__vector_11
                0x0000278c      0x298 src/UsbDriver/m_usb.o
                0x0000278c                __vector_11
 .text.avr-libc.fplib
                0x00002a24        0xe c:/program files (x86)/atmel/studio/7.0/toolchain/avr8/avr8-gnu-toolchain/bin/../lib/gcc/avr/5.4.0/../../../../avr/lib/avr5\libm.a(addsf3.o)
                0x00002a24                __subsf3
                0x00002a26                __addsf3
 .text.avr-libc.fplib
                0x00002a32       0xcc c:/program files (x86)/atmel/studio/7.0/toolchain/avr8/avr8-gnu-toolchain/bin/../lib/gcc/avr/5.4.0/../../../../avr/lib/avr5\libm.a(addsf3x.o)
                0x00002a54                __addsf3x
 .text.avr-libc.fplib
                0x00002afe        0xa c:/program files (x86)/atmel/studio/7.0/toolchain/avr8/avr8-gnu-toolchain/bin/../lib/gcc/avr/5.4.0/../../../../avr/lib/avr5\libm.a(cmpsf2.o)
                0x00002afe                __nesf2
                0x00002afe                __eqsf2
                0x00002afe                __cmpsf2
                0x00002afe                __ltsf2
                0x00002afe                __lesf2
 .text.avr-libc.fplib
                0x00002b08        0x8 c:/program files (x86)/atmel/studio/7.0/toolchain/avr8/avr8-gnu-toolchain/bin/../lib/gcc/avr/5.4.0/../../../../avr/lib/avr5\libm.a(divsf3.o)
                0x00002b08                __divsf3
 .text.avr-libc.fplib
                0x00002b10       0xdc c:/program files (x86)/atmel/studio/7.0/toolchain/avr8/avr8-gnu-toolchain/bin/../lib/gcc/avr/5.4.0/../../../../avr/lib/avr5\libm.a(divsf3x.o)
                0x00002b30                __divsf3x
                0x00002b36                __divsf3_pse
 .text.avr-libc.fplib
                0x00002bec        0xe c:/program files (x86)/atmel/studio/7.0/toolchain/avr8/avr8-gnu-toolchain/bin/../lib/gcc/avr/5.4.0/../../../../avr/lib/avr5\libm.a(fixsfsi.o)
                0x00002bec                __fixsfsi
 .text.avr-libc.fplib
                0x00002bfa       0x5e c:/program files (x86)/atmel/studio/7.0/toolchain/avr8/avr8-gnu-toolchain/bin/../lib/gcc/avr/5.4.0/../../../../avr/lib/avr5\libm.a(fixunssfsi.o)
                0x00002bfa                __fixunssfsi
 .text.avr-libc.fplib
                0x00002c58       0x7a c:/program files (x86)/atmel/studio/7.0/toolchain/avr8/avr8-gnu-toolchain/bin/../lib/gcc/avr/5.4.0/../../../../avr/lib/avr5\libm.a(floatsisf.o)
                0x00002c58                __floatunsisf
                0x00002c5c                __floatsisf
 .text.avr-libc.fplib
                0x00002cd2       0x48 c:/program files (x86)/atmel/studio/7.0/toolchain/avr8/avr8-gnu-toolchain/bin/../lib/gcc/avr/5.4.0/../../../../avr/lib/avr5\libm.a(fp_cmp.o)
                0x00002cd2                __fp_cmp
 .text.avr-libc.fplib
                0x00002d1a        0xc c:/program files (x86)/atmel/studio/7.0/toolchain/avr8/avr8-gnu-toolchain/bin/../lib/gcc/avr/5.4.0/../../../../avr/lib/avr5\libm.a(fp_inf.o)
                0x00002d1a                __fp_inf
 .text.avr-libc.fplib
                0x00002d26        0x6 c:/program files (x86)/atmel/studio/7.0/toolchain/avr8/avr8-gnu-toolchain/bin/../lib/gcc/avr/5.4.0/../../../../avr/lib/avr5\libm.a(fp_nan.o)
                0x00002d26                __fp_nan
 .text.avr-libc.fplib
                0x00002d2c        0xe c:/program files (x86)/atmel/studio/7.0/toolchain/avr8/avr8-gnu-toolchain/bin/../lib/gcc/avr/5.4.0/../../../../avr/lib/avr5\libm.a(fp_pscA.o)
                0x00002d2c                __fp_pscA
 .text.avr-libc.fplib
                0x00002d3a        0xe c:/program files (x86)/atmel/studio/7.0/toolchain/avr8/avr8-gnu-toolchain/bin/../lib/gcc/avr/5.4.0/../../../../avr/lib/avr5\libm.a(fp_pscB.o)
                0x00002d3a                __fp_pscB
 .text.avr-libc.fplib
                0x00002d48       0x22 c:/program files (x86)/atmel/studio/7.0/toolchain/avr8/avr8-gnu-toolchain/bin/../lib/gcc/avr/5.4.0/../../../../avr/lib/avr5\libm.a(fp_round.o)
                0x00002d48                __fp_round
 .text.avr-libc.fplib
                0x00002d6a       0x44 c:/program files (x86)/atmel/studio/7.0/toolchain/avr8/avr8-gnu-toolchain/bin/../lib/gcc/avr/5.4.0/../../../../avr/lib/avr5\libm.a(fp_split3.o)
                0x00002d6a                __fp_split3
                0x00002d7a                __fp_splitA
 .text.avr-libc.fplib
                0x00002dae        0xe c:/program files (x86)/atmel/studio/7.0/toolchain/avr8/avr8-gnu-toolchain/bin/../lib/gcc/avr/5.4.0/../../../../avr/lib/avr5\libm.a(fp_zero.o)
                0x00002dae                __fp_zero
                0x00002db0                __fp_szero
 .text.avr-libc.fplib
                0x00002dbc        0x8 c:/program files (x86)/atmel/studio/7.0/toolchain/avr8/avr8-gnu-toolchain/bin/../lib/gcc/avr/5.4.0/../../../../avr/lib/avr5\libm.a(mulsf3.o)
                0x00002dbc                __mulsf3
 .text.avr-libc.fplib
                0x00002dc4       0xd2 c:/program files (x86)/atmel/studio/7.0/toolchain/avr8/avr8-gnu-toolchain/bin/../lib/gcc/avr/5.4.0/../../../../avr/lib/avr5\libm.a(mulsf3x.o)
                0x00002de2                __mulsf3x
                0x00002de8                __mulsf3_pse
 .text.libgcc   0x00002e96        0xc c:/program files (x86)/atmel/studio/7.0/toolchain/avr8/avr8-gnu-toolchain/bin/../lib/gcc/avr/5.4.0/avr5\libgcc.a(_tablejump2.o)
                0x00002e96                __tablejump2__
 .text.avr-libc
                0x00002ea2        0xa c:/program files (x86)/atmel/studio/7.0/toolchain/avr8/avr8-gnu-toolchain/bin/../lib/gcc/avr/5.4.0/../../../../avr/lib/avr5\libc.a(strtok.o)
                0x00002ea2                strtok
 .text.avr-libc
                0x00002eac       0x12 c:/program files (x86)/atmel/studio/7.0/toolchain/avr8/avr8-gnu-toolchain/bin/../lib/gcc/avr/5.4.0/../../../../avr/lib/avr5\libc.a(strcmp.o)
                0x00002eac                strcmp
 .text.avr-libc
                0x00002ebe       0x4e c:/program files (x86)/atmel/studio/7.0/toolchain/avr8/avr8-gnu-toolchain/bin/../lib/gcc/avr/5.4.0/../../../../avr/lib/avr5\libc.a(strtok_r.o)
                0x00002ebe                strtok_r
 .text.avr-libc
                0x00002f0c       0x44 c:/program files (x86)/atmel/studio/7.0/toolchain/avr8/avr8-gnu-toolchain/bin/../lib/gcc/avr/5.4.0/../../../../avr/lib/avr5\libc.a(sprintf.o)
                0x00002f0c                sprintf
 .text.avr-libc
                0x00002f50       0x32 c:/program files (x86)/atmel/studio/7.0/toolchain/avr8/avr8-gnu-toolchain/bin/../lib/gcc/avr/5.4.0/../../../../avr/lib/avr5\libc.a(sscanf.o)
                0x00002f50                sscanf
 .text.avr-libc
                0x00002f82      0x3c2 c:/program files (x86)/atmel/studio/7.0/toolchain/avr8/avr8-gnu-toolchain/bin/../lib/gcc/avr/5.4.0/../../../../avr/lib/avr5\libc.a(vfprintf_std.o)
                0x00002f82                vfprintf
 .text.avr-libc
                0x00003344      0x55a c:/program files (x86)/atmel/studio/7.0/toolchain/avr8/avr8-gnu-toolchain/bin/../lib/gcc/avr/5.4.0/../../../../avr/lib/avr5\libc.a(vfscanf_std.o)
                0x0000367c                vfscanf
 .text.avr-libc
                0x0000389e       0x12 c:/program files (x86)/atmel/studio/7.0/toolchain/avr8/avr8-gnu-toolchain/bin/../lib/gcc/avr/5.4.0/../../../../avr/lib/avr5\libc.a(isspace.o)
                0x0000389e                isspace
 .text.avr-libc
                0x000038b0       0x16 c:/program files (x86)/atmel/studio/7.0/toolchain/avr8/avr8-gnu-toolchain/bin/../lib/gcc/avr/5.4.0/../../../../avr/lib/avr5\libc.a(strchr_P.o)
                0x000038b0                strchr_P
 .text.avr-libc
                0x000038c6       0x16 c:/program files (x86)/atmel/studio/7.0/toolchain/avr8/avr8-gnu-toolchain/bin/../lib/gcc/avr/5.4.0/../../../../avr/lib/avr5\libc.a(strnlen_P.o)
                0x000038c6                strnlen_P
 .text.avr-libc
                0x000038dc       0x16 c:/program files (x86)/atmel/studio/7.0/toolchain/avr8/avr8-gnu-toolchain/bin/../lib/gcc/avr/5.4.0/../../../../avr/lib/avr5\libc.a(strnlen.o)
                0x000038dc                strnlen
 .text.avr-libc
                0x000038f2       0x7c c:/program files (x86)/atmel/studio/7.0/toolchain/avr8/avr8-gnu-toolchain/bin/../lib/gcc/avr/5.4.0/../../../../avr/lib/avr5\libc.a(fgetc.o)
                0x000038f2                fgetc
 .text.avr-libc
                0x0000396e       0x78 c:/program files (x86)/atmel/studio/7.0/toolchain/avr8/avr8-gnu-toolchain/bin/../lib/gcc/avr/5.4.0/../../../../avr/lib/avr5\libc.a(fputc.o)
                0x0000396e                fputc
 .text.avr-libc
                0x000039e6       0x32 c:/program files (x86)/atmel/studio/7.0/toolchain/avr8/avr8-gnu-toolchain/bin/../lib/gcc/avr/5.4.0/../../../../avr/lib/avr5\libc.a(ungetc.o)
                0x000039e6                ungetc
 .text.avr-libc
                0x00003a18       0xbc c:/program files (x86)/atmel/studio/7.0/toolchain/avr8/avr8-gnu-toolchain/bin/../lib/gcc/avr/5.4.0/../../../../avr/lib/avr5\libc.a(ultoa_invert.o)
                0x00003a18                __ultoa_invert
 .text.avr-libc
                0x00003ad4        0x6 c:/program files (x86)/atmel/studio/7.0/toolchain/avr8/avr8-gnu-toolchain/bin/../lib/gcc/avr/5.4.0/../../../../avr/lib/avr5\libc.a(cty_isfalse.o)
                0x00003ad4                __ctype_isfalse
                0x00003ad8                __ctype_istrue
 .text.avr-libc
                0x00003ada       0x20 C:/Program Files (x86)/Atmel/Studio/7.0/Packs/Atmel/ATmega_DFP/1.6.364/gcc/dev/atmega32u4/avr5\libatmega32u4.a(eerd_block.o)
                0x00003ada                eeprom_read_block
                0x00003ade                eeprom_read_blraw
 .text.avr-libc
                0x00003afa       0x20 C:/Program Files (x86)/Atmel/Studio/7.0/Packs/Atmel/ATmega_DFP/1.6.364/gcc/dev/atmega32u4/avr5\libatmega32u4.a(eeupd_block.o)
                0x00003afa                eeprom_update_block
 .text.avr-libc
                0x00003b1a       0x24 C:/Program Files (x86)/Atmel/Studio/7.0/Packs/Atmel/ATmega_DFP/1.6.364/gcc/dev/atmega32u4/avr5\libatmega32u4.a(eeupd_byte.o)
                0x00003b1a                eeprom_update_byte
                0x00003b1c                eeprom_update_r18
 .text.avr-libc
                0x00003b3e       0x14 C:/Program Files (x86)/Atmel/Studio/7.0/Packs/Atmel/ATmega_DFP/1.6.364/gcc/dev/atmega32u4/avr5\libatmega32u4.a(eewr_block.o)
                0x00003b3e                eeprom_write_block
 .text.avr-libc
                0x00003b52       0x1c C:/Program Files (x86)/Atmel/Studio/7.0/Packs/Atmel/ATmega_DFP/1.6.364/gcc/dev/atmega32u4/avr5\libatmega32u4.a(eewr_byte.o)
                0x00003b52                eeprom_write_byte
                0x00003b54                eeprom_write_r18
 .text.libgcc.prologue
                0x00003b6e       0x38 c:/program files (x86)/atmel/studio/7.0/toolchain/avr8/avr8-gnu-toolchain/bin/../lib/gcc/avr/5.4.0/avr5\libgcc.a(_prologue.o)
                0x00003b6e                __prologue_saves__
 .text.libgcc.prologue
                0x00003ba6       0x36 c:/program files (x86)/atmel/studio/7.0/toolchain/avr8/avr8-gnu-toolchain/bin/../lib/gcc/avr/5.4.0/avr5\libgcc.a(_epilogue.o)
                0x00003ba6                __epilogue_restores__
                0x00003bdc                . = ALIGN (0x2)
 *(.fini9)
 .fini9         0x00003bdc        0x0 c:/program files (x86)/atmel/studio/7.0/toolchain/avr8/avr8-gnu-toolchain/bin/../lib/gcc/avr/5.4.0/avr5\libgcc.a(_exit.o)
                0x00003bdc                _exit
                0x00003bdc                exit
 *(.fini9)
 *(.fini8)
 *(.fini8)
 *(.fini7)
 *(.fini7)
 *(.fini6)
 .fini6         0x00003bdc       0x16 c:/program files (x86)/atmel/studio/7.0/toolchain/avr8/avr8-gnu-toolchain/bin/../lib/gcc/avr/5.4.0/avr5\libgcc.a(_dtors.o)
                0x00003bdc                __do_global_dtors
 *(.fini6)
 *(.fini5)
 *(.fini5)
 *(.fini4)
 *(.fini4)
 *(.fini3)
 *(.fini3)
 *(.fini2)
 *(.fini2)
 *(.fini1)
 *(.fini1)
 *(.fini0)
 .fini0         0x00003bf2        0x4 c:/program files (x86)/atmel/studio/7.0/toolchain/avr8/avr8-gnu-toolchain/bin/../lib/gcc/avr/5.4.0/avr5\libgcc.a(_exit.o)
 *(.fini0)
                0x00003bf6                _etext = .

.data           0x00800100       0x54 load address 0x00003bf6
                0x00800100                PROVIDE (__data_start, .)
 *(.data)
 *(.data*)
 .data.cdc_line_coding
                0x00800100        0x7 src/UsbDriver/m_usb.o
 *(.gnu.linkonce.d*)
 *(.rodata)
 *(.rodata*)
 .rodata.str1.1
                0x00800107       0x4c src/Program/Controller.o
                                 0x73 (size before relaxing)
 *(.gnu.linkonce.r*)
                0x00800154                . = ALIGN (0x2)
 *fill*         0x00800153        0x1 
                0x00800154                _edata = .
                0x00800154                PROVIDE (__data_end, .)

.bss            0x00800154      0x1d9
                0x00800154                PROVIDE (__bss_start, .)
 *(.bss)
 .bss           0x00800154        0x2 c:/program files (x86)/atmel/studio/7.0/toolchain/avr8/avr8-gnu-toolchain/bin/../lib/gcc/avr/5.4.0/../../../../avr/lib/avr5\libc.a(strtok.o)
 *(.bss*)
 .bss.switches  0x00800156       0x42 src/main.o
                0x00800156                switches
 .bss.controller
                0x00800198      0x18d src/main.o
                0x00800198                controller
 .bss._ZL12milliseconds
                0x00800325        0x4 src/Timers/millis.o
 .bss.cdc_line_rtsdtr
                0x00800329        0x1 src/UsbDriver/m_usb.o
 .bss.transmit_previous_timeout
                0x0080032a        0x1 src/UsbDriver/m_usb.o
 .bss.transmit_flush_timer
                0x0080032b        0x1 src/UsbDriver/m_usb.o
 .bss.usb_configuration
                0x0080032c        0x1 src/UsbDriver/m_usb.o
 *(COMMON)
                0x0080032d                PROVIDE (__bss_end, .)
                0x00003bf6                __data_load_start = LOADADDR (.data)
                0x00003c4a                __data_load_end = (__data_load_start + SIZEOF (.data))

.noinit         0x0080032d        0x0
                [!provide]                PROVIDE (__noinit_start, .)
 *(.noinit*)
                [!provide]                PROVIDE (__noinit_end, .)
                0x0080032d                _end = .
                [!provide]                PROVIDE (__heap_start, .)

.eeprom         0x00810000       0x26
 *(.eeprom*)
 .eeprom        0x00810000       0x22 src/EEPROM/RecipeAccess.o
                0x00810000                eeprom_recipe
 .eeprom        0x00810022        0x4 src/EEPROM/RunLogger.o
                0x00810022                eeprom_log
                0x00810026                __eeprom_end = .

.fuse
 *(.fuse)
 *(.lfuse)
 *(.hfuse)
 *(.efuse)

.lock
 *(.lock*)

.signature
 *(.signature*)

.user_signatures
 *(.user_signatures*)

.stab
 *(.stab)

.stabstr
 *(.stabstr)

.stab.excl
 *(.stab.excl)

.stab.exclstr
 *(.stab.exclstr)

.stab.index
 *(.stab.index)

.stab.indexstr
 *(.stab.indexstr)

.comment        0x00000000       0x5c
 *(.comment)
 .comment       0x00000000       0x30 src/CurrentDriver/LedDriver.o
                                 0x31 (size before relaxing)
 .comment       0x00000030       0x31 src/EEPROM/RecipeAccess.o
 .comment       0x00000030       0x31 src/EEPROM/RunLogger.o
 .comment       0x00000030       0x31 src/main.o
 .comment       0x00000030       0x31 src/Program/Controller.o
 .comment       0x00000030       0x31 src/Program/LedController.o
 .comment       0x00000030       0x31 src/Switch/Switch.o
 .comment       0x00000030       0x31 src/Tasks/Task.o
 .comment       0x00000030       0x31 src/Timers/millis.o
 .comment       0x00000030       0x31 src/Timers/Timer.o
 .comment       0x00000030       0x31 src/UsbDriver/m_usb.o
 .comment       0x00000030       0x31 c:/program files (x86)/atmel/studio/7.0/toolchain/avr8/avr8-gnu-toolchain/bin/../lib/gcc/avr/5.4.0/../../../../avr/lib/avr5\libc.a(strtok.o)
 .comment       0x00000030       0x31 c:/program files (x86)/atmel/studio/7.0/toolchain/avr8/avr8-gnu-toolchain/bin/../lib/gcc/avr/5.4.0/../../../../avr/lib/avr5\libc.a(sprintf.o)
 .comment       0x00000030       0x31 c:/program files (x86)/atmel/studio/7.0/toolchain/avr8/avr8-gnu-toolchain/bin/../lib/gcc/avr/5.4.0/../../../../avr/lib/avr5\libc.a(sscanf.o)
 .comment       0x00000030       0x2c c:/program files (x86)/atmel/studio/7.0/toolchain/avr8/avr8-gnu-toolchain/bin/../lib/gcc/avr/5.4.0/../../../../avr/lib/avr5\libc.a(vfprintf_std.o)
                                 0x2d (size before relaxing)
 .comment       0x0000005c       0x2d c:/program files (x86)/atmel/studio/7.0/toolchain/avr8/avr8-gnu-toolchain/bin/../lib/gcc/avr/5.4.0/../../../../avr/lib/avr5\libc.a(vfscanf_std.o)
 .comment       0x0000005c       0x31 c:/program files (x86)/atmel/studio/7.0/toolchain/avr8/avr8-gnu-toolchain/bin/../lib/gcc/avr/5.4.0/../../../../avr/lib/avr5\libc.a(fgetc.o)
 .comment       0x0000005c       0x31 c:/program files (x86)/atmel/studio/7.0/toolchain/avr8/avr8-gnu-toolchain/bin/../lib/gcc/avr/5.4.0/../../../../avr/lib/avr5\libc.a(fputc.o)
 .comment       0x0000005c       0x31 c:/program files (x86)/atmel/studio/7.0/toolchain/avr8/avr8-gnu-toolchain/bin/../lib/gcc/avr/5.4.0/../../../../avr/lib/avr5\libc.a(ungetc.o)

.note.gnu.avr.deviceinfo
                0x00000000       0x40
 .note.gnu.avr.deviceinfo
                0x00000000       0x40 C:/Program Files (x86)/Atmel/Studio/7.0/Packs/Atmel/ATmega_DFP/1.6.364/gcc/dev/atmega32u4/avr5/crtatmega32u4.o

.note.gnu.build-id
 *(.note.gnu.build-id)

.debug
 *(.debug)

.line
 *(.line)

.debug_srcinfo
 *(.debug_srcinfo)

.debug_sfnames
 *(.debug_sfnames)

.debug_aranges  0x00000000       0xa0
 *(.debug_aranges)
 .debug_aranges
                0x00000000       0x20 C:/Program Files (x86)/Atmel/Studio/7.0/Packs/Atmel/ATmega_DFP/1.6.364/gcc/dev/atmega32u4/avr5\libatmega32u4.a(eerd_block.o)
 .debug_aranges
                0x00000020       0x20 C:/Program Files (x86)/Atmel/Studio/7.0/Packs/Atmel/ATmega_DFP/1.6.364/gcc/dev/atmega32u4/avr5\libatmega32u4.a(eeupd_block.o)
 .debug_aranges
                0x00000040       0x20 C:/Program Files (x86)/Atmel/Studio/7.0/Packs/Atmel/ATmega_DFP/1.6.364/gcc/dev/atmega32u4/avr5\libatmega32u4.a(eeupd_byte.o)
 .debug_aranges
                0x00000060       0x20 C:/Program Files (x86)/Atmel/Studio/7.0/Packs/Atmel/ATmega_DFP/1.6.364/gcc/dev/atmega32u4/avr5\libatmega32u4.a(eewr_block.o)
 .debug_aranges
                0x00000080       0x20 C:/Program Files (x86)/Atmel/Studio/7.0/Packs/Atmel/ATmega_DFP/1.6.364/gcc/dev/atmega32u4/avr5\libatmega32u4.a(eewr_byte.o)

.debug_pubnames
 *(.debug_pubnames)

.debug_info     0x00000000      0xcfb
 *(.debug_info .gnu.linkonce.wi.*)
 .debug_info    0x00000000      0x9f4 C:/Program Files (x86)/Atmel/Studio/7.0/Packs/Atmel/ATmega_DFP/1.6.364/gcc/dev/atmega32u4/avr5/crtatmega32u4.o
 .debug_info    0x000009f4       0x9b C:/Program Files (x86)/Atmel/Studio/7.0/Packs/Atmel/ATmega_DFP/1.6.364/gcc/dev/atmega32u4/avr5\libatmega32u4.a(eerd_block.o)
 .debug_info    0x00000a8f       0x9c C:/Program Files (x86)/Atmel/Studio/7.0/Packs/Atmel/ATmega_DFP/1.6.364/gcc/dev/atmega32u4/avr5\libatmega32u4.a(eeupd_block.o)
 .debug_info    0x00000b2b       0x9b C:/Program Files (x86)/Atmel/Studio/7.0/Packs/Atmel/ATmega_DFP/1.6.364/gcc/dev/atmega32u4/avr5\libatmega32u4.a(eeupd_byte.o)
 .debug_info    0x00000bc6       0x9b C:/Program Files (x86)/Atmel/Studio/7.0/Packs/Atmel/ATmega_DFP/1.6.364/gcc/dev/atmega32u4/avr5\libatmega32u4.a(eewr_block.o)
 .debug_info    0x00000c61       0x9a C:/Program Files (x86)/Atmel/Studio/7.0/Packs/Atmel/ATmega_DFP/1.6.364/gcc/dev/atmega32u4/avr5\libatmega32u4.a(eewr_byte.o)

.debug_abbrev   0x00000000      0x9ce
 *(.debug_abbrev)
 .debug_abbrev  0x00000000      0x96a C:/Program Files (x86)/Atmel/Studio/7.0/Packs/Atmel/ATmega_DFP/1.6.364/gcc/dev/atmega32u4/avr5/crtatmega32u4.o
 .debug_abbrev  0x0000096a       0x14 C:/Program Files (x86)/Atmel/Studio/7.0/Packs/Atmel/ATmega_DFP/1.6.364/gcc/dev/atmega32u4/avr5\libatmega32u4.a(eerd_block.o)
 .debug_abbrev  0x0000097e       0x14 C:/Program Files (x86)/Atmel/Studio/7.0/Packs/Atmel/ATmega_DFP/1.6.364/gcc/dev/atmega32u4/avr5\libatmega32u4.a(eeupd_block.o)
 .debug_abbrev  0x00000992       0x14 C:/Program Files (x86)/Atmel/Studio/7.0/Packs/Atmel/ATmega_DFP/1.6.364/gcc/dev/atmega32u4/avr5\libatmega32u4.a(eeupd_byte.o)
 .debug_abbrev  0x000009a6       0x14 C:/Program Files (x86)/Atmel/Studio/7.0/Packs/Atmel/ATmega_DFP/1.6.364/gcc/dev/atmega32u4/avr5\libatmega32u4.a(eewr_block.o)
 .debug_abbrev  0x000009ba       0x14 C:/Program Files (x86)/Atmel/Studio/7.0/Packs/Atmel/ATmega_DFP/1.6.364/gcc/dev/atmega32u4/avr5\libatmega32u4.a(eewr_byte.o)

.debug_line     0x00000000      0x4be
 *(.debug_line .debug_line.* .debug_line_end)
 .debug_line    0x00000000      0x19a C:/Program Files (x86)/Atmel/Studio/7.0/Packs/Atmel/ATmega_DFP/1.6.364/gcc/dev/atmega32u4/avr5/crtatmega32u4.o
 .debug_line    0x0000019a       0xab C:/Program Files (x86)/Atmel/Studio/7.0/Packs/Atmel/ATmega_DFP/1.6.364/gcc/dev/atmega32u4/avr5\libatmega32u4.a(eerd_block.o)
 .debug_line    0x00000245       0xa5 C:/Program Files (x86)/Atmel/Studio/7.0/Packs/Atmel/ATmega_DFP/1.6.364/gcc/dev/atmega32u4/avr5\libatmega32u4.a(eeupd_block.o)
 .debug_line    0x000002ea       0xb6 C:/Program Files (x86)/Atmel/Studio/7.0/Packs/Atmel/ATmega_DFP/1.6.364/gcc/dev/atmega32u4/avr5\libatmega32u4.a(eeupd_byte.o)
 .debug_line    0x000003a0       0x80 C:/Program Files (x86)/Atmel/Studio/7.0/Packs/Atmel/ATmega_DFP/1.6.364/gcc/dev/atmega32u4/avr5\libatmega32u4.a(eewr_block.o)
 .debug_line    0x00000420       0x9e C:/Program Files (x86)/Atmel/Studio/7.0/Packs/Atmel/ATmega_DFP/1.6.364/gcc/dev/atmega32u4/avr5\libatmega32u4.a(eewr_byte.o)

.debug_frame
 *(.debug_frame)

.debug_str      0x00000000      0x371
 *(.debug_str)
 .debug_str     0x00000000      0x371 C:/Program Files (x86)/Atmel/Studio/7.0/Packs/Atmel/ATmega_DFP/1.6.364/gcc/dev/atmega32u4/avr5/crtatmega32u4.o

.debug_loc
 *(.debug_loc)

.debug_macinfo
 *(.debug_macinfo)

.debug_weaknames
 *(.debug_weaknames)

.debug_funcnames
 *(.debug_funcnames)

.debug_typenames
 *(.debug_typenames)

.debug_varnames
 *(.debug_varnames)

.debug_pubtypes
 *(.debug_pubtypes)

.debug_ranges
 *(.debug_ranges)

.debug_macro
 *(.debug_macro)
OUTPUT(TBoardControllerRev2.elf elf32-avr)
LOAD linker stubs
